C:\Users\Nei\OneDrive\Documents\formation_openclassrom\form_java\projet5\projet5\src\test\java\com\openclassroom\projet5\Controller\PersonControllerTest.java
C:\Users\Nei\OneDrive\Documents\formation_openclassrom\form_java\projet5\projet5\src\test\java\com\openclassroom\projet5\Service\status\ChildAlertServiceTest.java
C:\Users\Nei\OneDrive\Documents\formation_openclassrom\form_java\projet5\projet5\src\test\java\com\openclassroom\projet5\Utils\AgeHandlerTest.java
C:\Users\Nei\OneDrive\Documents\formation_openclassrom\form_java\projet5\projet5\src\test\java\com\openclassroom\projet5\Service\status\FireStationServiceTest.java
C:\Users\Nei\OneDrive\Documents\formation_openclassrom\form_java\projet5\projet5\src\test\java\com\openclassroom\projet5\Controller\MedicalRecordControllerTest.java
C:\Users\Nei\OneDrive\Documents\formation_openclassrom\form_java\projet5\projet5\src\test\java\com\openclassroom\projet5\Service\status\CommunityEmailServiceTest.java
C:\Users\Nei\OneDrive\Documents\formation_openclassrom\form_java\projet5\projet5\src\test\java\com\openclassroom\projet5\Service\status\PersonInfoServiceTest.java
C:\Users\Nei\OneDrive\Documents\formation_openclassrom\form_java\projet5\projet5\src\test\java\com\openclassroom\projet5\Service\status\PersonServiceTest.java
C:\Users\Nei\OneDrive\Documents\formation_openclassrom\form_java\projet5\projet5\src\test\java\com\openclassroom\projet5\Service\status\PhoneAlertServiceTest.java
C:\Users\Nei\OneDrive\Documents\formation_openclassrom\form_java\projet5\projet5\src\test\java\com\openclassroom\projet5\Service\status\MedicalRecordServiceTest.java
C:\Users\Nei\OneDrive\Documents\formation_openclassrom\form_java\projet5\projet5\src\test\java\com\openclassroom\projet5\Service\status\FloodStationsServiceTest.java
C:\Users\Nei\OneDrive\Documents\formation_openclassrom\form_java\projet5\projet5\src\test\java\com\openclassroom\projet5\Controller\FireStationControllerTest.java
C:\Users\Nei\OneDrive\Documents\formation_openclassrom\form_java\projet5\projet5\src\test\java\com\openclassroom\projet5\Controller\StatusControllerTest.java
C:\Users\Nei\OneDrive\Documents\formation_openclassrom\form_java\projet5\projet5\src\test\java\com\openclassroom\projet5\Service\status\FireStationCoverageServiceTest.java
C:\Users\Nei\OneDrive\Documents\formation_openclassrom\form_java\projet5\projet5\src\test\java\com\openclassroom\projet5\Service\status\FireAddressAlertServiceTest.java
C:\Users\Nei\OneDrive\Documents\formation_openclassrom\form_java\projet5\projet5\src\test\java\com\openclassroom\projet5\Projet5ApplicationTests.java
