C:\Users\Nei\OneDrive\Documents\formation_openclassrom\form_java\projet5\projet5\src\main\java\com\openclassroom\projet5\model\MedicalRecords.java
C:\Users\Nei\OneDrive\Documents\formation_openclassrom\form_java\projet5\projet5\src\main\java\com\openclassroom\projet5\service\status\IFireAddressAlertService.java
C:\Users\Nei\OneDrive\Documents\formation_openclassrom\form_java\projet5\projet5\src\main\java\com\openclassroom\projet5\controller\FireStationController.java
C:\Users\Nei\OneDrive\Documents\formation_openclassrom\form_java\projet5\projet5\src\main\java\com\openclassroom\projet5\service\IMedicalRecordService.java
C:\Users\Nei\OneDrive\Documents\formation_openclassrom\form_java\projet5\projet5\src\main\java\com\openclassroom\projet5\service\status\CommunityEmailService.java
C:\Users\Nei\OneDrive\Documents\formation_openclassrom\form_java\projet5\projet5\src\main\java\com\openclassroom\projet5\service\IFireStationService.java
C:\Users\Nei\OneDrive\Documents\formation_openclassrom\form_java\projet5\projet5\src\main\java\com\openclassroom\projet5\service\status\IChildAlertService.java
C:\Users\Nei\OneDrive\Documents\formation_openclassrom\form_java\projet5\projet5\src\main\java\com\openclassroom\projet5\service\status\IFloodStationsService.java
C:\Users\Nei\OneDrive\Documents\formation_openclassrom\form_java\projet5\projet5\src\main\java\com\openclassroom\projet5\service\MedicalRecordService.java
C:\Users\Nei\OneDrive\Documents\formation_openclassrom\form_java\projet5\projet5\src\main\java\com\openclassroom\projet5\service\status\ChildAlertService.java
C:\Users\Nei\OneDrive\Documents\formation_openclassrom\form_java\projet5\projet5\src\main\java\com\openclassroom\projet5\model\Persons.java
C:\Users\Nei\OneDrive\Documents\formation_openclassrom\form_java\projet5\projet5\src\main\java\com\openclassroom\projet5\service\status\ICommunityEmailService.java
C:\Users\Nei\OneDrive\Documents\formation_openclassrom\form_java\projet5\projet5\src\main\java\com\openclassroom\projet5\model\status\ChildAlert.java
C:\Users\Nei\OneDrive\Documents\formation_openclassrom\form_java\projet5\projet5\src\main\java\com\openclassroom\projet5\model\status\CommunityEmail.java
C:\Users\Nei\OneDrive\Documents\formation_openclassrom\form_java\projet5\projet5\src\main\java\com\openclassroom\projet5\Projet5Application.java
C:\Users\Nei\OneDrive\Documents\formation_openclassrom\form_java\projet5\projet5\src\main\java\com\openclassroom\projet5\controller\PersonController.java
C:\Users\Nei\OneDrive\Documents\formation_openclassrom\form_java\projet5\projet5\src\main\java\com\openclassroom\projet5\model\status\Resident.java
C:\Users\Nei\OneDrive\Documents\formation_openclassrom\form_java\projet5\projet5\src\main\java\com\openclassroom\projet5\service\status\IPersonInfoService.java
C:\Users\Nei\OneDrive\Documents\formation_openclassrom\form_java\projet5\projet5\src\main\java\com\openclassroom\projet5\model\status\FloodStationsPerson.java
C:\Users\Nei\OneDrive\Documents\formation_openclassrom\form_java\projet5\projet5\src\main\java\com\openclassroom\projet5\model\status\PhoneAlert.java
C:\Users\Nei\OneDrive\Documents\formation_openclassrom\form_java\projet5\projet5\src\main\java\com\openclassroom\projet5\utils\AgeHandler.java
C:\Users\Nei\OneDrive\Documents\formation_openclassrom\form_java\projet5\projet5\src\main\java\com\openclassroom\projet5\service\status\PhoneAlertService.java
C:\Users\Nei\OneDrive\Documents\formation_openclassrom\form_java\projet5\projet5\src\main\java\com\openclassroom\projet5\service\status\FireAddressAlertService.java
C:\Users\Nei\OneDrive\Documents\formation_openclassrom\form_java\projet5\projet5\src\main\java\com\openclassroom\projet5\service\IPersonsService.java
C:\Users\Nei\OneDrive\Documents\formation_openclassrom\form_java\projet5\projet5\src\main\java\com\openclassroom\projet5\model\DataJson.java
C:\Users\Nei\OneDrive\Documents\formation_openclassrom\form_java\projet5\projet5\src\main\java\com\openclassroom\projet5\model\status\FloodStation.java
C:\Users\Nei\OneDrive\Documents\formation_openclassrom\form_java\projet5\projet5\src\main\java\com\openclassroom\projet5\controller\StatusController.java
C:\Users\Nei\OneDrive\Documents\formation_openclassrom\form_java\projet5\projet5\src\main\java\com\openclassroom\projet5\model\FireStations.java
C:\Users\Nei\OneDrive\Documents\formation_openclassrom\form_java\projet5\projet5\src\main\java\com\openclassroom\projet5\model\status\FireStationCoverage.java
C:\Users\Nei\OneDrive\Documents\formation_openclassrom\form_java\projet5\projet5\src\main\java\com\openclassroom\projet5\repository\IDAOJson.java
C:\Users\Nei\OneDrive\Documents\formation_openclassrom\form_java\projet5\projet5\src\main\java\com\openclassroom\projet5\model\status\FireAddressAlert.java
C:\Users\Nei\OneDrive\Documents\formation_openclassrom\form_java\projet5\projet5\src\main\java\com\openclassroom\projet5\service\PersonService.java
C:\Users\Nei\OneDrive\Documents\formation_openclassrom\form_java\projet5\projet5\src\main\java\com\openclassroom\projet5\service\status\IFireStationCoverageService.java
C:\Users\Nei\OneDrive\Documents\formation_openclassrom\form_java\projet5\projet5\src\main\java\com\openclassroom\projet5\service\status\FloodStationsService.java
C:\Users\Nei\OneDrive\Documents\formation_openclassrom\form_java\projet5\projet5\src\main\java\com\openclassroom\projet5\service\FireStationService.java
C:\Users\Nei\OneDrive\Documents\formation_openclassrom\form_java\projet5\projet5\src\main\java\com\openclassroom\projet5\model\Address.java
C:\Users\Nei\OneDrive\Documents\formation_openclassrom\form_java\projet5\projet5\src\main\java\com\openclassroom\projet5\repository\DAOJson.java
C:\Users\Nei\OneDrive\Documents\formation_openclassrom\form_java\projet5\projet5\src\main\java\com\openclassroom\projet5\controller\MedicalRecordController.java
C:\Users\Nei\OneDrive\Documents\formation_openclassrom\form_java\projet5\projet5\src\main\java\com\openclassroom\projet5\model\status\PersonInfo.java
C:\Users\Nei\OneDrive\Documents\formation_openclassrom\form_java\projet5\projet5\src\main\java\com\openclassroom\projet5\service\status\PersonInfoService.java
C:\Users\Nei\OneDrive\Documents\formation_openclassrom\form_java\projet5\projet5\src\main\java\com\openclassroom\projet5\service\status\FireStationCoverageService.java
C:\Users\Nei\OneDrive\Documents\formation_openclassrom\form_java\projet5\projet5\src\main\java\com\openclassroom\projet5\service\status\IPhoneAlertService.java
